[debug] [2026-07-11T01:04:37.336Z] ----------------------------------------------------------------------
[debug] [2026-07-11T01:04:37.337Z] Command:       /Users/naveedkhan/.nvm/versions/node/v20.19.3/bin/node /Users/naveedkhan/Desktop/portfolio-v2/node_modules/.bin/firebase deploy --only hosting
[debug] [2026-07-11T01:04:37.337Z] CLI Version:   15.23.0
[debug] [2026-07-11T01:04:37.338Z] Platform:      darwin
[debug] [2026-07-11T01:04:37.338Z] Node Version:  v20.19.3
[debug] [2026-07-11T01:04:37.338Z] Detected Agent: unknown
[debug] [2026-07-11T01:04:37.338Z] Time:          Sat Jul 11 2026 04:04:37 GMT+0300 (Arabian Standard Time)
[debug] [2026-07-11T01:04:37.338Z] ----------------------------------------------------------------------
[debug] 
[debug] [2026-07-11T01:04:38.135Z] > command requires scopes: ["email","openid","https://www.googleapis.com/auth/cloudplatformprojects.readonly","https://www.googleapis.com/auth/firebase","https://www.googleapis.com/auth/cloud-platform"]
[debug] [2026-07-11T01:04:38.135Z] > authorizing via signed-in user (naveed4034@gmail.com)
[debug] [2026-07-11T01:04:38.135Z] [iam] checking project frontfolio for permissions ["firebase.projects.get","firebasehosting.sites.update"]
[debug] [2026-07-11T01:04:38.136Z] Checked if tokens are valid: false, expires at: 1783727743488
[debug] [2026-07-11T01:04:38.136Z] Checked if tokens are valid: false, expires at: 1783727743488
[debug] [2026-07-11T01:04:38.136Z] > refreshing access token with scopes: []
[debug] [2026-07-11T01:04:38.137Z] >>> [apiv2][query] POST https://www.googleapis.com/oauth2/v3/token [none]
[debug] [2026-07-11T01:04:38.137Z] >>> [apiv2][body] POST https://www.googleapis.com/oauth2/v3/token [omitted]
[debug] [2026-07-11T01:04:38.550Z] <<< [apiv2][status] POST https://www.googleapis.com/oauth2/v3/token 200
[debug] [2026-07-11T01:04:38.550Z] <<< [apiv2][body] POST https://www.googleapis.com/oauth2/v3/token [omitted]
[debug] [2026-07-11T01:04:38.566Z] >>> [apiv2][query] POST https://cloudresourcemanager.googleapis.com/v1/projects/frontfolio:testIamPermissions [none]
[debug] [2026-07-11T01:04:38.567Z] >>> [apiv2][(partial)header] POST https://cloudresourcemanager.googleapis.com/v1/projects/frontfolio:testIamPermissions  x-goog-user-project=frontfolio
[debug] [2026-07-11T01:04:38.567Z] >>> [apiv2][body] POST https://cloudresourcemanager.googleapis.com/v1/projects/frontfolio:testIamPermissions {"permissions":["firebase.projects.get","firebasehosting.sites.update"]}
[debug] [2026-07-11T01:04:39.152Z] <<< [apiv2][status] POST https://cloudresourcemanager.googleapis.com/v1/projects/frontfolio:testIamPermissions 200
[debug] [2026-07-11T01:04:39.153Z] <<< [apiv2][body] POST https://cloudresourcemanager.googleapis.com/v1/projects/frontfolio:testIamPermissions {"permissions":["firebase.projects.get","firebasehosting.sites.update"]}
[debug] [2026-07-11T01:04:39.153Z] Checked if tokens are valid: true, expires at: 1783735477550
[debug] [2026-07-11T01:04:39.153Z] Checked if tokens are valid: true, expires at: 1783735477550
[debug] [2026-07-11T01:04:39.153Z] >>> [apiv2][query] GET https://firebase.googleapis.com/v1beta1/projects/frontfolio [none]
[debug] [2026-07-11T01:04:39.769Z] <<< [apiv2][status] GET https://firebase.googleapis.com/v1beta1/projects/frontfolio 200
[debug] [2026-07-11T01:04:39.769Z] <<< [apiv2][body] GET https://firebase.googleapis.com/v1beta1/projects/frontfolio {"projectId":"frontfolio","projectNumber":"925356809042","displayName":"Frontfolio","name":"projects/frontfolio","resources":{"hostingSite":"frontfolio"},"state":"ACTIVE","labels":{"firebase":"enabled"},"etag":"1_828ed5af-2bc4-47a1-b916-becdc3cc653c"}
[info] 
[info] === Deploying to 'frontfolio'...
[info] 
[info] i  deploying hosting 
[debug] [2026-07-11T01:04:39.772Z] Checked if tokens are valid: true, expires at: 1783735477550
[debug] [2026-07-11T01:04:39.772Z] Checked if tokens are valid: true, expires at: 1783735477550
[debug] [2026-07-11T01:04:39.773Z] >>> [apiv2][query] GET https://firebasehosting.googleapis.com/v1beta1/projects/frontfolio/sites/frontfolio [none]
[debug] [2026-07-11T01:04:42.063Z] <<< [apiv2][status] GET https://firebasehosting.googleapis.com/v1beta1/projects/frontfolio/sites/frontfolio 200
[debug] [2026-07-11T01:04:42.063Z] <<< [apiv2][body] GET https://firebasehosting.googleapis.com/v1beta1/projects/frontfolio/sites/frontfolio {"name":"projects/frontfolio/sites/frontfolio","defaultUrl":"https://frontfolio.web.app","type":"DEFAULT_SITE"}
[debug] [2026-07-11T01:04:42.067Z] Checked if tokens are valid: true, expires at: 1783735477550
[debug] [2026-07-11T01:04:42.067Z] Checked if tokens are valid: true, expires at: 1783735477550
[debug] [2026-07-11T01:04:42.069Z] >>> [apiv2][query] POST https://firebasehosting.googleapis.com/v1beta1/projects/-/sites/frontfolio/versions [none]
[debug] [2026-07-11T01:04:42.069Z] >>> [apiv2][body] POST https://firebasehosting.googleapis.com/v1beta1/projects/-/sites/frontfolio/versions {"status":"CREATED","labels":{"deployment-tool":"cli-firebase"}}
[debug] [2026-07-11T01:04:44.312Z] <<< [apiv2][status] POST https://firebasehosting.googleapis.com/v1beta1/projects/-/sites/frontfolio/versions 200
[debug] [2026-07-11T01:04:44.313Z] <<< [apiv2][body] POST https://firebasehosting.googleapis.com/v1beta1/projects/-/sites/frontfolio/versions {"name":"projects/925356809042/sites/frontfolio/versions/20d679f59a9e1184","status":"CREATED","config":{},"labels":{"deployment-tool":"cli-firebase"}}
[info] i  hosting[frontfolio]: beginning deploy... 
[info] i  hosting[frontfolio]: found 52 files in out 
[debug] [2026-07-11T01:04:44.332Z] [hosting] uploading with 200 concurrency
[debug] [2026-07-11T01:04:44.395Z] Checked if tokens are valid: true, expires at: 1783735477550
[debug] [2026-07-11T01:04:44.396Z] Checked if tokens are valid: true, expires at: 1783735477550
[debug] [2026-07-11T01:04:44.396Z] [hosting] hash cache [b3V0] stored for 52 files
[debug] [2026-07-11T01:04:44.396Z] [hosting][hash queue][FINAL] {"max":58,"min":6,"avg":17.19230769230769,"active":0,"complete":52,"success":52,"errored":0,"retried":0,"total":52,"elapsed":61}
[debug] [2026-07-11T01:04:44.396Z] >>> [apiv2][query] POST https://firebasehosting.googleapis.com/v1beta1/projects/925356809042/sites/frontfolio/versions/20d679f59a9e1184:populateFiles [none]
[debug] [2026-07-11T01:04:44.397Z] >>> [apiv2][body] POST https://firebasehosting.googleapis.com/v1beta1/projects/925356809042/sites/frontfolio/versions/20d679f59a9e1184:populateFiles {"files":{"/window.svg":"bf07bc7ddc1ae03e7936a9347de10e85cf9a0e51f99bd8293b2a8eeca6463b49","/vercel.svg":"ffb3d6634c37da9451d60557ed0e6e513e2889672e0bf202d2558062062a048a","/robots.txt":"59c33078b3f09fbb4cf1ba3bd94ebce041c80391ebd3aba04e0034c6f94edca3","/next.svg":"7b16665552cb47db34db342505d6d340caaf5813ca2cba1df3536ed67ea33f64","/globe.svg":"914fe1f576f68698d9e329ea8ec6c542d8d5f150af08f1a360d188fed7597c23","/file.svg":"cb6477bad43c44ba222b8cddfa7e4fe646b19ec7449646e8c2a426354faa630e","/sitemap.xml":"40624e54a9d034ce5cb480a4dbf3c8347f4ca682cec4bdb684b79e242de7d3d0","/_not-found.txt":"e75ad56bb479cca3cb9959014bf733f99c293c6576915256f6b92338090442fe","/__next._tree.txt":"8f042e10c7ca6d876026bcb5994a827d2015c84bbd4e43e1076160a825a4515a","/__next._head.txt":"a8bf5242c5baf032cfc9837ea48141629a71f4688b02d16f777aefceb6dbfa30","/__next._index.txt":"053f52c84eaceed775788c8d907453eca1355fd9212ea7abc19c687ecc1a7f92","/_not-found.html":"5fceaa80db044f5ec3e7c98ac99306307df98aa4ddb52a3266f60e1fcb70df37","/index.txt":"13748c7a4071801918f9dc067aac286c974606975e9e8717cd78f86afec8e882","/_not-found/__next._tree.txt":"ea589a890808868dd4ca1804b565fefd065979147a981aed32760e795f2b9bfb","/__next._full.txt":"13748c7a4071801918f9dc067aac286c974606975e9e8717cd78f86afec8e882","/_not-found/__next._not-found.__PAGE__.txt":"b25e561ba352f80d7c8000f90f2224894f97661cc3dcac04f1a335b0b8854dbd","/_not-found/__next._index.txt":"053f52c84eaceed775788c8d907453eca1355fd9212ea7abc19c687ecc1a7f92","/_not-found/__next._head.txt":"b0b347a98106be33e84c2431a4101fb2e8493773f521357e37f88716d07b7236","/_not-found/__next._not-found.txt":"4c41351004f3cd7f517e1df2962a33d04af69024da45de25ec1b106697d01c11","/_not-found/__next._full.txt":"e75ad56bb479cca3cb9959014bf733f99c293c6576915256f6b92338090442fe","/404.html":"5fceaa80db044f5ec3e7c98ac99306307df98aa4ddb52a3266f60e1fcb70df37","/_next/static/media/7d817b4c03b0c5f1-s.1uyisp29ctx0d.woff2":"e7bd8be3c01ab592610c2bd831e0d853e7834b40ab9ed867da4721a800b6c533","/_next/static/media/fef07dbb0973bf53-s.3p2_lha1f2xer.woff2":"f5cb5734e3de0ba020530d4dcb6715f63a2a598883ac7b0fd0ad690745989813","/__next.__PAGE__.txt":"4c095a0e152aeaf56662f490b56babc41ff2453d66fd4e0773ad4f6d54b1bfbc","/_next/static/media/bbc41e54d2fcbd21-s.1rgnod-3esatf.woff2":"ad166ce8ce097d218ef17ac4406c855e6c3cb82a1e04e3a58d6f6dce9aab0b37","/_next/static/media/4fa387ec64143e14-s.2tuy5pz7dlieh.woff2":"9f90f95c5f3e930b8b809c2e53ef1b72e54e8485ca74f05427f04e1232b9038e","/_next/static/media/8a480f0b521d4e75-s.1qq4vpdcun5oj.woff2":"8f2c71d3db2cf6ff7d82470222ec9ed54ab7b6f10e1aed79e360e37dd5f7dd29","/_next/static/chunks/32s9angqsvi_i.js":"9fd5e74234aa9b0aee974e4c5effa3e1cda57fc6da8a8facc8979f240feabe54","/_next/static/chunks/turbopack-28x2bwk4jxakb.js":"9800450fd53900f21c5e4228233a87a05d30c0db29efca65ee7a1937b1961348","/_next/static/chunks/0pz-wtvp10zd3.js":"7c5e14e489d1d4d08378ce772551485895eb9a81986c66976b8fd20f5e538264","/_next/static/chunks/3qzdr29g_bk_1.js":"df889dc7ad65ae1910132a9b94cd903a52a8169a0e89e4f5118deddeb9c6b24a","/_next/static/chunks/1v54gb2n4a7sv.css":"dcdcdfe1883fa24b44563242d3f0a9fa15a224b862948b665688fe22359d8350","/_next/static/media/5ce348bf30bf5439-s.31988l_ccedte.woff2":"277040341ba0480e7542e53ec427e62435bd94b211fc0d606bc81cbb3498bc58","/_next/static/chunks/31ly84k0b6j-k.js":"3bb48cd071606b01f2f28b05f6d2e42a8d285fb9799642d8b03863154b4f9373","/_next/static/61m5cJ5Tr3rb0CUzHm32l/_ssgManifest.js":"02dbc1aeab6ef0a6ff2ff9a1643158cf9bb38929945eaa343a3627dee9ba6778","/_next/static/chunks/0aibffznk73b9.js":"9c3ad3c0289db7431cf6a0618957c7583a4c42ee447882abf3bd5db200a2c5fd","/_next/static/media/53b9e256198e5412-s.390ncx5urfkfu.woff2":"2cb8e4da79ac8807e554f45c8b80ee68369f60d8c827fb6357bbf77baa48a1ec","/_next/static/media/6306c77e7c8268e4-s.2dbetqa9o8jxf.woff2":"55e81c70ffee235258a83e3c2e6582b4648cd1ecde7c91bbe4a2edd2fce426fc","/_next/static/media/caa3a2e1cccd8315-s.p.0wgildi0cnwt9.woff2":"94f3af5941889b2abdc7989f39744f6985234eb1449b9cf2b26803192d144cef","/_next/static/media/797e433ab948586e-s.p.0r6juujl39pe6.woff2":"fdc2d4a18e593c4899d50ec5bffef02b2175b5aea2ef806c2139c1e4796d2c9d","/_next/static/media/7178b3e590c64307-s.21jp631_3pja2.woff2":"fb4b80c5123c7ddc8d014d67755cf65ffb05e9871a74b524feb3aa6e99525caf","/index.html":"683b5c0852309c6f86b25051e4323ba55b0bceda441dc04559f8f17f5af686e7","/_next/static/61m5cJ5Tr3rb0CUzHm32l/_buildManifest.js":"30ef2ac8f5c7eb81cae36ed0e00068cbbdf1fe45eaa179abe62d8e5cbcb54834","/_next/static/61m5cJ5Tr3rb0CUzHm32l/_clientMiddlewareManifest.js":"111d6778f1ad49c6d53d2afe18b83896c7f0692e57e7c959628d3b90d187a887","/_next/static/chunks/0cz1d0mv5g_q7.js":"67dee1c02c6a6700d63b5c1898cf2df618101a68a395db469192763d24925a23","/_next/static/chunks/2j9v2z23ovz6f.js":"fb56413d4af5b5a5e52208e7b7506240ed5c145772315e5a2e50e1d5a90f09b3","/_next/static/chunks/0zo7welkq6h6b.js":"fce90c0688af421f87cdf691ffe0659c22ba4f4caf3913ccbd8c13d414634c97","/_next/static/chunks/11vwzao84fx-v.js":"e8154519e04cb7fff1812a8f23ec79b46fd64d601c147c84edeecd30cb87f4c8","/resume/Muhammad-Naveed-Master-Resume.pdf":"f2b74ce5453326465be27258561940d2cb3d43e7c5de9847e2cc31d2d7970ec8","/images/headshot.png":"5807c154ecadf262953dd25dde3c1250f5f996d0a49038c2bda68475a1d24f6c","/favicon.ico":"355965f01184647c85349c0bc97d3caa9c975d5b6f1543d4dcd2c80d60f501a7","/_next/static/media/favicon.3-8fhwilrb7j2.ico":"355965f01184647c85349c0bc97d3caa9c975d5b6f1543d4dcd2c80d60f501a7"}}
[debug] [2026-07-11T01:04:45.536Z] <<< [apiv2][status] POST https://firebasehosting.googleapis.com/v1beta1/projects/925356809042/sites/frontfolio/versions/20d679f59a9e1184:populateFiles 200
[debug] [2026-07-11T01:04:45.536Z] <<< [apiv2][body] POST https://firebasehosting.googleapis.com/v1beta1/projects/925356809042/sites/frontfolio/versions/20d679f59a9e1184:populateFiles {"uploadRequiredHashes":["f2b74ce5453326465be27258561940d2cb3d43e7c5de9847e2cc31d2d7970ec8","053f52c84eaceed775788c8d907453eca1355fd9212ea7abc19c687ecc1a7f92","ea589a890808868dd4ca1804b565fefd065979147a981aed32760e795f2b9bfb","5807c154ecadf262953dd25dde3c1250f5f996d0a49038c2bda68475a1d24f6c","4c41351004f3cd7f517e1df2962a33d04af69024da45de25ec1b106697d01c11","8f042e10c7ca6d876026bcb5994a827d2015c84bbd4e43e1076160a825a4515a","355965f01184647c85349c0bc97d3caa9c975d5b6f1543d4dcd2c80d60f501a7","e75ad56bb479cca3cb9959014bf733f99c293c6576915256f6b92338090442fe","13748c7a4071801918f9dc067aac286c974606975e9e8717cd78f86afec8e882","dcdcdfe1883fa24b44563242d3f0a9fa15a224b862948b665688fe22359d8350","b25e561ba352f80d7c8000f90f2224894f97661cc3dcac04f1a335b0b8854dbd","fce90c0688af421f87cdf691ffe0659c22ba4f4caf3913ccbd8c13d414634c97","59c33078b3f09fbb4cf1ba3bd94ebce041c80391ebd3aba04e0034c6f94edca3","a8bf5242c5baf032cfc9837ea48141629a71f4688b02d16f777aefceb6dbfa30","b0b347a98106be33e84c2431a4101fb2e8493773f521357e37f88716d07b7236","683b5c0852309c6f86b25051e4323ba55b0bceda441dc04559f8f17f5af686e7","40624e54a9d034ce5cb480a4dbf3c8347f4ca682cec4bdb684b79e242de7d3d0","4c095a0e152aeaf56662f490b56babc41ff2453d66fd4e0773ad4f6d54b1bfbc","5fceaa80db044f5ec3e7c98ac99306307df98aa4ddb52a3266f60e1fcb70df37"],"uploadUrl":"https://upload-firebasehosting.googleapis.com/upload/sites/frontfolio/versions/20d679f59a9e1184/files"}
[debug] [2026-07-11T01:04:45.536Z] Checked if tokens are valid: true, expires at: 1783735477550
[debug] [2026-07-11T01:04:45.537Z] Checked if tokens are valid: true, expires at: 1783735477550
[debug] [2026-07-11T01:04:45.537Z] Checked if tokens are valid: true, expires at: 1783735477550
[debug] [2026-07-11T01:04:45.537Z] Checked if tokens are valid: true, expires at: 1783735477550
[debug] [2026-07-11T01:04:45.537Z] Checked if tokens are valid: true, expires at: 1783735477550
[debug] [2026-07-11T01:04:45.537Z] Checked if tokens are valid: true, expires at: 1783735477550
[debug] [2026-07-11T01:04:45.537Z] Checked if tokens are valid: true, expires at: 1783735477550
[debug] [2026-07-11T01:04:45.537Z] Checked if tokens are valid: true, expires at: 1783735477550
[debug] [2026-07-11T01:04:45.537Z] Checked if tokens are valid: true, expires at: 1783735477550
[debug] [2026-07-11T01:04:45.537Z] Checked if tokens are valid: true, expires at: 1783735477550
[debug] [2026-07-11T01:04:45.538Z] Checked if tokens are valid: true, expires at: 1783735477550
[debug] [2026-07-11T01:04:45.538Z] Checked if tokens are valid: true, expires at: 1783735477550
[debug] [2026-07-11T01:04:45.538Z] Checked if tokens are valid: true, expires at: 1783735477550
[debug] [2026-07-11T01:04:45.538Z] Checked if tokens are valid: true, expires at: 1783735477550
[debug] [2026-07-11T01:04:45.538Z] Checked if tokens are valid: true, expires at: 1783735477550
[debug] [2026-07-11T01:04:45.538Z] Checked if tokens are valid: true, expires at: 1783735477550
[debug] [2026-07-11T01:04:45.538Z] Checked if tokens are valid: true, expires at: 1783735477550
[debug] [2026-07-11T01:04:45.538Z] Checked if tokens are valid: true, expires at: 1783735477550
[debug] [2026-07-11T01:04:45.538Z] Checked if tokens are valid: true, expires at: 1783735477550
[debug] [2026-07-11T01:04:45.538Z] Checked if tokens are valid: true, expires at: 1783735477550
[debug] [2026-07-11T01:04:45.538Z] Checked if tokens are valid: true, expires at: 1783735477550
[debug] [2026-07-11T01:04:45.538Z] Checked if tokens are valid: true, expires at: 1783735477550
[debug] [2026-07-11T01:04:45.539Z] Checked if tokens are valid: true, expires at: 1783735477550
[debug] [2026-07-11T01:04:45.539Z] Checked if tokens are valid: true, expires at: 1783735477550
[debug] [2026-07-11T01:04:45.539Z] Checked if tokens are valid: true, expires at: 1783735477550
[debug] [2026-07-11T01:04:45.539Z] Checked if tokens are valid: true, expires at: 1783735477550
[debug] [2026-07-11T01:04:45.539Z] Checked if tokens are valid: true, expires at: 1783735477550
[debug] [2026-07-11T01:04:45.539Z] Checked if tokens are valid: true, expires at: 1783735477550
[debug] [2026-07-11T01:04:45.539Z] Checked if tokens are valid: true, expires at: 1783735477550
[debug] [2026-07-11T01:04:45.539Z] Checked if tokens are valid: true, expires at: 1783735477550
[debug] [2026-07-11T01:04:45.539Z] Checked if tokens are valid: true, expires at: 1783735477550
[debug] [2026-07-11T01:04:45.539Z] Checked if tokens are valid: true, expires at: 1783735477550
[debug] [2026-07-11T01:04:45.539Z] Checked if tokens are valid: true, expires at: 1783735477550
[debug] [2026-07-11T01:04:45.539Z] Checked if tokens are valid: true, expires at: 1783735477550
[debug] [2026-07-11T01:04:45.539Z] Checked if tokens are valid: true, expires at: 1783735477550
[debug] [2026-07-11T01:04:45.539Z] Checked if tokens are valid: true, expires at: 1783735477550
[debug] [2026-07-11T01:04:45.539Z] Checked if tokens are valid: true, expires at: 1783735477550
[debug] [2026-07-11T01:04:45.539Z] Checked if tokens are valid: true, expires at: 1783735477550
[debug] [2026-07-11T01:04:45.540Z] >>> [apiv2][query] POST https://upload-firebasehosting.googleapis.com/upload/sites/frontfolio/versions/20d679f59a9e1184/files/f2b74ce5453326465be27258561940d2cb3d43e7c5de9847e2cc31d2d7970ec8 [none]
[debug] [2026-07-11T01:04:45.540Z] >>> [apiv2][body] POST https://upload-firebasehosting.googleapis.com/upload/sites/frontfolio/versions/20d679f59a9e1184/files/f2b74ce5453326465be27258561940d2cb3d43e7c5de9847e2cc31d2d7970ec8 [stream]
[debug] [2026-07-11T01:04:45.541Z] >>> [apiv2][query] POST https://upload-firebasehosting.googleapis.com/upload/sites/frontfolio/versions/20d679f59a9e1184/files/053f52c84eaceed775788c8d907453eca1355fd9212ea7abc19c687ecc1a7f92 [none]
[debug] [2026-07-11T01:04:45.541Z] >>> [apiv2][body] POST https://upload-firebasehosting.googleapis.com/upload/sites/frontfolio/versions/20d679f59a9e1184/files/053f52c84eaceed775788c8d907453eca1355fd9212ea7abc19c687ecc1a7f92 [stream]
[debug] [2026-07-11T01:04:45.542Z] >>> [apiv2][query] POST https://upload-firebasehosting.googleapis.com/upload/sites/frontfolio/versions/20d679f59a9e1184/files/ea589a890808868dd4ca1804b565fefd065979147a981aed32760e795f2b9bfb [none]
[debug] [2026-07-11T01:04:45.542Z] >>> [apiv2][body] POST https://upload-firebasehosting.googleapis.com/upload/sites/frontfolio/versions/20d679f59a9e1184/files/ea589a890808868dd4ca1804b565fefd065979147a981aed32760e795f2b9bfb [stream]
[debug] [2026-07-11T01:04:45.543Z] >>> [apiv2][query] POST https://upload-firebasehosting.googleapis.com/upload/sites/frontfolio/versions/20d679f59a9e1184/files/5807c154ecadf262953dd25dde3c1250f5f996d0a49038c2bda68475a1d24f6c [none]
[debug] [2026-07-11T01:04:45.543Z] >>> [apiv2][body] POST https://upload-firebasehosting.googleapis.com/upload/sites/frontfolio/versions/20d679f59a9e1184/files/5807c154ecadf262953dd25dde3c1250f5f996d0a49038c2bda68475a1d24f6c [stream]
[debug] [2026-07-11T01:04:45.544Z] >>> [apiv2][query] POST https://upload-firebasehosting.googleapis.com/upload/sites/frontfolio/versions/20d679f59a9e1184/files/4c41351004f3cd7f517e1df2962a33d04af69024da45de25ec1b106697d01c11 [none]
[debug] [2026-07-11T01:04:45.544Z] >>> [apiv2][body] POST https://upload-firebasehosting.googleapis.com/upload/sites/frontfolio/versions/20d679f59a9e1184/files/4c41351004f3cd7f517e1df2962a33d04af69024da45de25ec1b106697d01c11 [stream]
[debug] [2026-07-11T01:04:45.545Z] >>> [apiv2][query] POST https://upload-firebasehosting.googleapis.com/upload/sites/frontfolio/versions/20d679f59a9e1184/files/8f042e10c7ca6d876026bcb5994a827d2015c84bbd4e43e1076160a825a4515a [none]
[debug] [2026-07-11T01:04:45.545Z] >>> [apiv2][body] POST https://upload-firebasehosting.googleapis.com/upload/sites/frontfolio/versions/20d679f59a9e1184/files/8f042e10c7ca6d876026bcb5994a827d2015c84bbd4e43e1076160a825a4515a [stream]
[debug] [2026-07-11T01:04:45.545Z] >>> [apiv2][query] POST https://upload-firebasehosting.googleapis.com/upload/sites/frontfolio/versions/20d679f59a9e1184/files/355965f01184647c85349c0bc97d3caa9c975d5b6f1543d4dcd2c80d60f501a7 [none]
[debug] [2026-07-11T01:04:45.545Z] >>> [apiv2][body] POST https://upload-firebasehosting.googleapis.com/upload/sites/frontfolio/versions/20d679f59a9e1184/files/355965f01184647c85349c0bc97d3caa9c975d5b6f1543d4dcd2c80d60f501a7 [stream]
[debug] [2026-07-11T01:04:45.545Z] >>> [apiv2][query] POST https://upload-firebasehosting.googleapis.com/upload/sites/frontfolio/versions/20d679f59a9e1184/files/e75ad56bb479cca3cb9959014bf733f99c293c6576915256f6b92338090442fe [none]
[debug] [2026-07-11T01:04:45.545Z] >>> [apiv2][body] POST https://upload-firebasehosting.googleapis.com/upload/sites/frontfolio/versions/20d679f59a9e1184/files/e75ad56bb479cca3cb9959014bf733f99c293c6576915256f6b92338090442fe [stream]
[debug] [2026-07-11T01:04:45.546Z] >>> [apiv2][query] POST https://upload-firebasehosting.googleapis.com/upload/sites/frontfolio/versions/20d679f59a9e1184/files/13748c7a4071801918f9dc067aac286c974606975e9e8717cd78f86afec8e882 [none]
[debug] [2026-07-11T01:04:45.546Z] >>> [apiv2][body] POST https://upload-firebasehosting.googleapis.com/upload/sites/frontfolio/versions/20d679f59a9e1184/files/13748c7a4071801918f9dc067aac286c974606975e9e8717cd78f86afec8e882 [stream]
[debug] [2026-07-11T01:04:45.546Z] >>> [apiv2][query] POST https://upload-firebasehosting.googleapis.com/upload/sites/frontfolio/versions/20d679f59a9e1184/files/dcdcdfe1883fa24b44563242d3f0a9fa15a224b862948b665688fe22359d8350 [none]
[debug] [2026-07-11T01:04:45.546Z] >>> [apiv2][body] POST https://upload-firebasehosting.googleapis.com/upload/sites/frontfolio/versions/20d679f59a9e1184/files/dcdcdfe1883fa24b44563242d3f0a9fa15a224b862948b665688fe22359d8350 [stream]
[debug] [2026-07-11T01:04:45.547Z] >>> [apiv2][query] POST https://upload-firebasehosting.googleapis.com/upload/sites/frontfolio/versions/20d679f59a9e1184/files/b25e561ba352f80d7c8000f90f2224894f97661cc3dcac04f1a335b0b8854dbd [none]
[debug] [2026-07-11T01:04:45.547Z] >>> [apiv2][body] POST https://upload-firebasehosting.googleapis.com/upload/sites/frontfolio/versions/20d679f59a9e1184/files/b25e561ba352f80d7c8000f90f2224894f97661cc3dcac04f1a335b0b8854dbd [stream]
[debug] [2026-07-11T01:04:45.548Z] >>> [apiv2][query] POST https://upload-firebasehosting.googleapis.com/upload/sites/frontfolio/versions/20d679f59a9e1184/files/fce90c0688af421f87cdf691ffe0659c22ba4f4caf3913ccbd8c13d414634c97 [none]
[debug] [2026-07-11T01:04:45.548Z] >>> [apiv2][body] POST https://upload-firebasehosting.googleapis.com/upload/sites/frontfolio/versions/20d679f59a9e1184/files/fce90c0688af421f87cdf691ffe0659c22ba4f4caf3913ccbd8c13d414634c97 [stream]
[debug] [2026-07-11T01:04:45.548Z] >>> [apiv2][query] POST https://upload-firebasehosting.googleapis.com/upload/sites/frontfolio/versions/20d679f59a9e1184/files/59c33078b3f09fbb4cf1ba3bd94ebce041c80391ebd3aba04e0034c6f94edca3 [none]
[debug] [2026-07-11T01:04:45.548Z] >>> [apiv2][body] POST https://upload-firebasehosting.googleapis.com/upload/sites/frontfolio/versions/20d679f59a9e1184/files/59c33078b3f09fbb4cf1ba3bd94ebce041c80391ebd3aba04e0034c6f94edca3 [stream]
[debug] [2026-07-11T01:04:45.548Z] >>> [apiv2][query] POST https://upload-firebasehosting.googleapis.com/upload/sites/frontfolio/versions/20d679f59a9e1184/files/a8bf5242c5baf032cfc9837ea48141629a71f4688b02d16f777aefceb6dbfa30 [none]
[debug] [2026-07-11T01:04:45.548Z] >>> [apiv2][body] POST https://upload-firebasehosting.googleapis.com/upload/sites/frontfolio/versions/20d679f59a9e1184/files/a8bf5242c5baf032cfc9837ea48141629a71f4688b02d16f777aefceb6dbfa30 [stream]
[debug] [2026-07-11T01:04:45.549Z] >>> [apiv2][query] POST https://upload-firebasehosting.googleapis.com/upload/sites/frontfolio/versions/20d679f59a9e1184/files/b0b347a98106be33e84c2431a4101fb2e8493773f521357e37f88716d07b7236 [none]
[debug] [2026-07-11T01:04:45.549Z] >>> [apiv2][body] POST https://upload-firebasehosting.googleapis.com/upload/sites/frontfolio/versions/20d679f59a9e1184/files/b0b347a98106be33e84c2431a4101fb2e8493773f521357e37f88716d07b7236 [stream]
[debug] [2026-07-11T01:04:45.549Z] >>> [apiv2][query] POST https://upload-firebasehosting.googleapis.com/upload/sites/frontfolio/versions/20d679f59a9e1184/files/683b5c0852309c6f86b25051e4323ba55b0bceda441dc04559f8f17f5af686e7 [none]
[debug] [2026-07-11T01:04:45.549Z] >>> [apiv2][body] POST https://upload-firebasehosting.googleapis.com/upload/sites/frontfolio/versions/20d679f59a9e1184/files/683b5c0852309c6f86b25051e4323ba55b0bceda441dc04559f8f17f5af686e7 [stream]
[debug] [2026-07-11T01:04:45.549Z] >>> [apiv2][query] POST https://upload-firebasehosting.googleapis.com/upload/sites/frontfolio/versions/20d679f59a9e1184/files/40624e54a9d034ce5cb480a4dbf3c8347f4ca682cec4bdb684b79e242de7d3d0 [none]
[debug] [2026-07-11T01:04:45.549Z] >>> [apiv2][body] POST https://upload-firebasehosting.googleapis.com/upload/sites/frontfolio/versions/20d679f59a9e1184/files/40624e54a9d034ce5cb480a4dbf3c8347f4ca682cec4bdb684b79e242de7d3d0 [stream]
[debug] [2026-07-11T01:04:45.549Z] >>> [apiv2][query] POST https://upload-firebasehosting.googleapis.com/upload/sites/frontfolio/versions/20d679f59a9e1184/files/4c095a0e152aeaf56662f490b56babc41ff2453d66fd4e0773ad4f6d54b1bfbc [none]
[debug] [2026-07-11T01:04:45.550Z] >>> [apiv2][body] POST https://upload-firebasehosting.googleapis.com/upload/sites/frontfolio/versions/20d679f59a9e1184/files/4c095a0e152aeaf56662f490b56babc41ff2453d66fd4e0773ad4f6d54b1bfbc [stream]
[debug] [2026-07-11T01:04:45.550Z] >>> [apiv2][query] POST https://upload-firebasehosting.googleapis.com/upload/sites/frontfolio/versions/20d679f59a9e1184/files/5fceaa80db044f5ec3e7c98ac99306307df98aa4ddb52a3266f60e1fcb70df37 [none]
[debug] [2026-07-11T01:04:45.550Z] >>> [apiv2][body] POST https://upload-firebasehosting.googleapis.com/upload/sites/frontfolio/versions/20d679f59a9e1184/files/5fceaa80db044f5ec3e7c98ac99306307df98aa4ddb52a3266f60e1fcb70df37 [stream]
[debug] [2026-07-11T01:04:45.559Z] [hosting][populate queue][FINAL] {"max":1144,"min":1144,"avg":1144,"active":0,"complete":1,"success":1,"errored":0,"retried":0,"total":1,"elapsed":1164}
[debug] [2026-07-11T01:04:45.559Z] [hosting] uploads queued: 19
[debug] [2026-07-11T01:04:46.785Z] <<< [apiv2][status] POST https://upload-firebasehosting.googleapis.com/upload/sites/frontfolio/versions/20d679f59a9e1184/files/40624e54a9d034ce5cb480a4dbf3c8347f4ca682cec4bdb684b79e242de7d3d0 200
[debug] [2026-07-11T01:04:46.785Z] <<< [apiv2][body] POST https://upload-firebasehosting.googleapis.com/upload/sites/frontfolio/versions/20d679f59a9e1184/files/40624e54a9d034ce5cb480a4dbf3c8347f4ca682cec4bdb684b79e242de7d3d0 [stream]
[debug] [2026-07-11T01:04:46.810Z] <<< [apiv2][status] POST https://upload-firebasehosting.googleapis.com/upload/sites/frontfolio/versions/20d679f59a9e1184/files/b0b347a98106be33e84c2431a4101fb2e8493773f521357e37f88716d07b7236 200
[debug] [2026-07-11T01:04:46.810Z] <<< [apiv2][body] POST https://upload-firebasehosting.googleapis.com/upload/sites/frontfolio/versions/20d679f59a9e1184/files/b0b347a98106be33e84c2431a4101fb2e8493773f521357e37f88716d07b7236 [stream]
[debug] [2026-07-11T01:04:46.837Z] <<< [apiv2][status] POST https://upload-firebasehosting.googleapis.com/upload/sites/frontfolio/versions/20d679f59a9e1184/files/5fceaa80db044f5ec3e7c98ac99306307df98aa4ddb52a3266f60e1fcb70df37 200
[debug] [2026-07-11T01:04:46.837Z] <<< [apiv2][body] POST https://upload-firebasehosting.googleapis.com/upload/sites/frontfolio/versions/20d679f59a9e1184/files/5fceaa80db044f5ec3e7c98ac99306307df98aa4ddb52a3266f60e1fcb70df37 [stream]
[debug] [2026-07-11T01:04:46.849Z] <<< [apiv2][status] POST https://upload-firebasehosting.googleapis.com/upload/sites/frontfolio/versions/20d679f59a9e1184/files/ea589a890808868dd4ca1804b565fefd065979147a981aed32760e795f2b9bfb 200
[debug] [2026-07-11T01:04:46.849Z] <<< [apiv2][body] POST https://upload-firebasehosting.googleapis.com/upload/sites/frontfolio/versions/20d679f59a9e1184/files/ea589a890808868dd4ca1804b565fefd065979147a981aed32760e795f2b9bfb [stream]
[debug] [2026-07-11T01:04:46.889Z] <<< [apiv2][status] POST https://upload-firebasehosting.googleapis.com/upload/sites/frontfolio/versions/20d679f59a9e1184/files/59c33078b3f09fbb4cf1ba3bd94ebce041c80391ebd3aba04e0034c6f94edca3 200
[debug] [2026-07-11T01:04:46.889Z] <<< [apiv2][body] POST https://upload-firebasehosting.googleapis.com/upload/sites/frontfolio/versions/20d679f59a9e1184/files/59c33078b3f09fbb4cf1ba3bd94ebce041c80391ebd3aba04e0034c6f94edca3 [stream]
[debug] [2026-07-11T01:04:46.907Z] <<< [apiv2][status] POST https://upload-firebasehosting.googleapis.com/upload/sites/frontfolio/versions/20d679f59a9e1184/files/e75ad56bb479cca3cb9959014bf733f99c293c6576915256f6b92338090442fe 200
[debug] [2026-07-11T01:04:46.907Z] <<< [apiv2][body] POST https://upload-firebasehosting.googleapis.com/upload/sites/frontfolio/versions/20d679f59a9e1184/files/e75ad56bb479cca3cb9959014bf733f99c293c6576915256f6b92338090442fe [stream]
[debug] [2026-07-11T01:04:46.983Z] <<< [apiv2][status] POST https://upload-firebasehosting.googleapis.com/upload/sites/frontfolio/versions/20d679f59a9e1184/files/13748c7a4071801918f9dc067aac286c974606975e9e8717cd78f86afec8e882 200
[debug] [2026-07-11T01:04:46.983Z] <<< [apiv2][body] POST https://upload-firebasehosting.googleapis.com/upload/sites/frontfolio/versions/20d679f59a9e1184/files/13748c7a4071801918f9dc067aac286c974606975e9e8717cd78f86afec8e882 [stream]
[debug] [2026-07-11T01:04:46.984Z] <<< [apiv2][status] POST https://upload-firebasehosting.googleapis.com/upload/sites/frontfolio/versions/20d679f59a9e1184/files/8f042e10c7ca6d876026bcb5994a827d2015c84bbd4e43e1076160a825a4515a 200
[debug] [2026-07-11T01:04:46.984Z] <<< [apiv2][body] POST https://upload-firebasehosting.googleapis.com/upload/sites/frontfolio/versions/20d679f59a9e1184/files/8f042e10c7ca6d876026bcb5994a827d2015c84bbd4e43e1076160a825a4515a [stream]
[debug] [2026-07-11T01:04:46.984Z] <<< [apiv2][status] POST https://upload-firebasehosting.googleapis.com/upload/sites/frontfolio/versions/20d679f59a9e1184/files/dcdcdfe1883fa24b44563242d3f0a9fa15a224b862948b665688fe22359d8350 200
[debug] [2026-07-11T01:04:46.984Z] <<< [apiv2][body] POST https://upload-firebasehosting.googleapis.com/upload/sites/frontfolio/versions/20d679f59a9e1184/files/dcdcdfe1883fa24b44563242d3f0a9fa15a224b862948b665688fe22359d8350 [stream]
[debug] [2026-07-11T01:04:46.984Z] <<< [apiv2][status] POST https://upload-firebasehosting.googleapis.com/upload/sites/frontfolio/versions/20d679f59a9e1184/files/b25e561ba352f80d7c8000f90f2224894f97661cc3dcac04f1a335b0b8854dbd 200
[debug] [2026-07-11T01:04:46.984Z] <<< [apiv2][body] POST https://upload-firebasehosting.googleapis.com/upload/sites/frontfolio/versions/20d679f59a9e1184/files/b25e561ba352f80d7c8000f90f2224894f97661cc3dcac04f1a335b0b8854dbd [stream]
[debug] [2026-07-11T01:04:47.010Z] <<< [apiv2][status] POST https://upload-firebasehosting.googleapis.com/upload/sites/frontfolio/versions/20d679f59a9e1184/files/fce90c0688af421f87cdf691ffe0659c22ba4f4caf3913ccbd8c13d414634c97 200
[debug] [2026-07-11T01:04:47.010Z] <<< [apiv2][body] POST https://upload-firebasehosting.googleapis.com/upload/sites/frontfolio/versions/20d679f59a9e1184/files/fce90c0688af421f87cdf691ffe0659c22ba4f4caf3913ccbd8c13d414634c97 [stream]
[debug] [2026-07-11T01:04:47.138Z] <<< [apiv2][status] POST https://upload-firebasehosting.googleapis.com/upload/sites/frontfolio/versions/20d679f59a9e1184/files/4c41351004f3cd7f517e1df2962a33d04af69024da45de25ec1b106697d01c11 200
[debug] [2026-07-11T01:04:47.138Z] <<< [apiv2][body] POST https://upload-firebasehosting.googleapis.com/upload/sites/frontfolio/versions/20d679f59a9e1184/files/4c41351004f3cd7f517e1df2962a33d04af69024da45de25ec1b106697d01c11 [stream]
[debug] [2026-07-11T01:04:47.226Z] <<< [apiv2][status] POST https://upload-firebasehosting.googleapis.com/upload/sites/frontfolio/versions/20d679f59a9e1184/files/a8bf5242c5baf032cfc9837ea48141629a71f4688b02d16f777aefceb6dbfa30 200
[debug] [2026-07-11T01:04:47.226Z] <<< [apiv2][body] POST https://upload-firebasehosting.googleapis.com/upload/sites/frontfolio/versions/20d679f59a9e1184/files/a8bf5242c5baf032cfc9837ea48141629a71f4688b02d16f777aefceb6dbfa30 [stream]
[debug] [2026-07-11T01:04:47.238Z] <<< [apiv2][status] POST https://upload-firebasehosting.googleapis.com/upload/sites/frontfolio/versions/20d679f59a9e1184/files/053f52c84eaceed775788c8d907453eca1355fd9212ea7abc19c687ecc1a7f92 200
[debug] [2026-07-11T01:04:47.238Z] <<< [apiv2][body] POST https://upload-firebasehosting.googleapis.com/upload/sites/frontfolio/versions/20d679f59a9e1184/files/053f52c84eaceed775788c8d907453eca1355fd9212ea7abc19c687ecc1a7f92 [stream]
[debug] [2026-07-11T01:04:47.253Z] <<< [apiv2][status] POST https://upload-firebasehosting.googleapis.com/upload/sites/frontfolio/versions/20d679f59a9e1184/files/4c095a0e152aeaf56662f490b56babc41ff2453d66fd4e0773ad4f6d54b1bfbc 200
[debug] [2026-07-11T01:04:47.253Z] <<< [apiv2][body] POST https://upload-firebasehosting.googleapis.com/upload/sites/frontfolio/versions/20d679f59a9e1184/files/4c095a0e152aeaf56662f490b56babc41ff2453d66fd4e0773ad4f6d54b1bfbc [stream]
[debug] [2026-07-11T01:04:47.410Z] <<< [apiv2][status] POST https://upload-firebasehosting.googleapis.com/upload/sites/frontfolio/versions/20d679f59a9e1184/files/683b5c0852309c6f86b25051e4323ba55b0bceda441dc04559f8f17f5af686e7 200
[debug] [2026-07-11T01:04:47.410Z] <<< [apiv2][body] POST https://upload-firebasehosting.googleapis.com/upload/sites/frontfolio/versions/20d679f59a9e1184/files/683b5c0852309c6f86b25051e4323ba55b0bceda441dc04559f8f17f5af686e7 [stream]
[debug] [2026-07-11T01:04:47.688Z] <<< [apiv2][status] POST https://upload-firebasehosting.googleapis.com/upload/sites/frontfolio/versions/20d679f59a9e1184/files/f2b74ce5453326465be27258561940d2cb3d43e7c5de9847e2cc31d2d7970ec8 200
[debug] [2026-07-11T01:04:47.688Z] <<< [apiv2][body] POST https://upload-firebasehosting.googleapis.com/upload/sites/frontfolio/versions/20d679f59a9e1184/files/f2b74ce5453326465be27258561940d2cb3d43e7c5de9847e2cc31d2d7970ec8 [stream]
